Microchip MPLAB XC8 Compiler V3.00

Linker command line:

-W-3 \
  --edf=C:/Users/Hesham Abdelkhalek/.mchp_packs/Microchip/PIC16Fxxx_DFP/1.7.162/xc8\pic\dat\20250326211330_en.msgs \
  -cn -h+dist/default/production\TrafficLight.X.production.sym \
  --cmf=dist/default/production\TrafficLight.X.production.cmf -z -Q16F877 \
  -oC:\Users\HESHAM~1\AppData\Local\Temp\xcAs72o.\driver_tmp_3.o \
  --defsym=__MPLAB_BUILD=1 --fixupoverflow=error \
  -Mdist/default/production/TrafficLight.X.production.map \
  --md=C:\Users\HESHAM~1\AppData\Local\Temp\xcAs72o.\driver_tmp_0.dat -E1 \
  -ver=XC8 Compiler -ACODE=00h-07FFhx4 -ASTRCODE=00h-01FFFh \
  -ASTRING=00h-0FFhx32 -ACONST=00h-0FFhx32 -AENTRY=00h-0FFhx32 \
  -ACOMMON=070h-07Fh -ABANK0=020h-06Fh -ABANK1=0A0h-0EFh \
  -ABANK2=0110h-016Fh -ABANK3=0190h-01EFh \
  -ARAM=020h-06Fh,0A0h-0EFh,0110h-016Fh,0190h-01EFh \
  -AABS1=020h-07Fh,0A0h-0EFh,0110h-016Fh,0190h-01EFh -ASFR0=00h-01Fh \
  -ASFR1=080h-09Fh -ASFR2=0100h-010Fh -ASFR3=0180h-018Fh \
  -ACONFIG=02007h-02007h -DCONFIG=2 -AIDLOC=02000h-02003h -DIDLOC=2 \
  -AEEDATA=00h-0FFh/02100h -peeprom_data=EEDATA -DEEDATA=2 -DCODE=2 \
  -DSTRCODE=2 -DSTRING=2 -DCONST=2 -DENTRY=2 \
  -preset_vec=00h,intentry=04h,sivt,init,end_init -ppowerup=CODE \
  -pcinit=CODE -pfunctab=ENTRY -k \
  C:\Users\HESHAM~1\AppData\Local\Temp\xcAs72o.\driver_tmp_12.o \
  dist/default/production\TrafficLight.X.production.o 

Object code version is 3.11

Machine type is 16F877



                Name                               Link     Load   Length Selector   Space Scale
C:\Users\HESHAM~1\AppData\Local\Temp\xcAs72o.\driver_tmp_12.o
                end_init                              C        C        3        8       0
                reset_vec                             0        0        3        0       0
dist/default/production\TrafficLight.X.production.o
                cinit                                 F        F       10        8       0
                intentry                              4        4        8        8       0
                text9                               511      511        B        8       0
                text8                               4C6      4C6       23        8       0
                text7                               437      437       4B        8       0
                text6                               4E9      4E9       1D        8       0
                text5                               506      506        B        8       0
                text4                               482      482       44        8       0
                text3                               37D      37D       63        8       0
                text2                               3E0      3E0       57        8       0
                text1                               2E2      2E2       9B        8       0
                maintext                             1F       1F      2C3        8       0
                cstackBANK0                          20       20       24       20       1
                cstackCOMMON                         70       70        A       70       1
                bssBANK0                             44       44        8       20       1
                bssCOMMON                            7A       7A        2       70       1
                strings                             51C      51C        7      A38       0

TOTAL           Name                               Link     Load   Length     Space
        CLASS   CODE           
                end_init                              C        C        3         0
                cinit                                 F        F       10         0
                intentry                              4        4        8         0
                reset_vec                             0        0        3         0
                text9                               511      511        B         0
                text8                               4C6      4C6       23         0
                text7                               437      437       4B         0
                text6                               4E9      4E9       1D         0
                text5                               506      506        B         0
                text4                               482      482       44         0
                text3                               37D      37D       63         0
                text2                               3E0      3E0       57         0
                text1                               2E2      2E2       9B         0
                maintext                             1F       1F      2C3         0

        CLASS   STRCODE        

        CLASS   STRING         
                strings                             51C      51C        7         0

        CLASS   CONST          

        CLASS   ENTRY          

        CLASS   COMMON         
                cstackCOMMON                         70       70        A         1
                bssCOMMON                            7A       7A        2         1

        CLASS   BANK0          
                cstackBANK0                          20       20       24         1
                bssBANK0                             44       44        8         1

        CLASS   BANK1          

        CLASS   BANK2          

        CLASS   BANK3          

        CLASS   RAM            

        CLASS   ABS1           
                abs_s1                               7E       7E        2         1

        CLASS   SFR0           

        CLASS   SFR1           

        CLASS   SFR2           

        CLASS   SFR3           

        CLASS   CONFIG         

        CLASS   IDLOC          

        CLASS   EEDATA         

        CLASS   HEAP           

        CLASS   STACK          



SEGMENTS        Name                           Load    Length   Top    Selector   Space  Class     Delta

                reset_vec                      000000  000003  000003         0       0  CODE        2
                intentry                       000004  000518  00051C         8       0  CODE        2
                cstackBANK0                    000020  00002C  00004C        20       1  BANK0       1
                cstackCOMMON                   000070  00000C  00007C        70       1  COMMON      1
                strings                        00051C  000007  000523       A38       0  STRING      2


UNUSED ADDRESS RANGES

        Name                Unused          Largest block    Delta
        BANK0            04C-06F            24           1
        BANK1            0A0-0EF            50           1
        BANK2            110-16F            60           1
        BANK3            190-1EF            60           1
        CODE             003-003             1           2
                         523-1FFF           800
        COMMON           07C-07D             2           1
        CONFIG           2007-2007             1           2
        CONST            003-003             1           2
                         523-1FFF           100
        EEDATA           2100-21FF           100           2
        ENTRY            003-003             1           2
                         523-1FFF           100
        IDLOC            2000-2003             4           2
        RAM              04C-06F            24           1
                         0A0-0EF            50
                         110-16F            60
                         190-1EF            60
        SFR0             000-01F            20           1
        SFR1             080-09F            20           1
        SFR2             100-10F            10           1
        SFR3             180-18F            10           1
        STRCODE          003-003             1           2
                         523-1FFF          1ADD
        STRING           003-003             1           2
                         523-1FFF           100

                                  Symbol Table

?___awdiv                                               cstackCOMMON 072
?___awmod                                               cstackCOMMON 072
_GIE                                                    (abs)        05F
_INTE                                                   (abs)        05C
_INTEDG                                                 (abs)        40E
_INTF                                                   (abs)        059
_OPTION_REGbits                                         (abs)        081
_PORTA                                                  (abs)        005
_PORTAbits                                              (abs)        005
_PORTBbits                                              (abs)        006
_PORTC                                                  (abs)        007
_PORTD                                                  (abs)        008
_TRISA                                                  (abs)        085
_TRISB                                                  (abs)        086
_TRISC                                                  (abs)        087
_TRISD                                                  (abs)        088
__H__absolute__                                         __absolute__ 000
__Habs1                                                 abs1         000
__Hbank0                                                bank0        000
__Hbank1                                                bank1        000
__Hbank2                                                bank2        000
__Hbank3                                                bank3        000
__HbssBANK0                                             bssBANK0     000
__HbssCOMMON                                            bssCOMMON    000
__Hcinit                                                cinit        01F
__Hclrtext                                              clrtext      000
__Hcode                                                 code         000
__Hcommon                                               common       000
__HcstackBANK0                                          cstackBANK0  000
__HcstackCOMMON                                         cstackCOMMON 000
__Heeprom_data                                          eeprom_data  000
__Hend_init                                             end_init     00F
__Hfunctab                                              functab      000
__Hheap                                                 heap         000
__Hinit                                                 init         00C
__Hintentry                                             intentry     00C
__Hmaintext                                             maintext     000
__Hpowerup                                              powerup      000
__Hram                                                  ram          000
__Hreset_vec                                            reset_vec    003
__Hsfr0                                                 sfr0         000
__Hsfr1                                                 sfr1         000
__Hsfr2                                                 sfr2         000
__Hsfr3                                                 sfr3         000
__Hsivt                                                 sivt         00C
__Hspace_0                                              (abs)        523
__Hspace_1                                              (abs)        07C
__Hspace_2                                              (abs)        000
__Hspace_3                                              (abs)        000
__Hstack                                                stack        000
__Hstrings                                              strings      000
__Htext                                                 text         000
__L__absolute__                                         __absolute__ 000
__Labs1                                                 abs1         000
__Lbank0                                                bank0        000
__Lbank1                                                bank1        000
__Lbank2                                                bank2        000
__Lbank3                                                bank3        000
__LbssBANK0                                             bssBANK0     000
__LbssCOMMON                                            bssCOMMON    000
__Lcinit                                                cinit        00F
__Lclrtext                                              clrtext      000
__Lcode                                                 code         000
__Lcommon                                               common       000
__LcstackBANK0                                          cstackBANK0  000
__LcstackCOMMON                                         cstackCOMMON 000
__Leeprom_data                                          eeprom_data  000
__Lend_init                                             end_init     00C
__Lfunctab                                              functab      000
__Lheap                                                 heap         000
__Linit                                                 init         00C
__Lintentry                                             intentry     004
__Lmaintext                                             maintext     000
__Lpowerup                                              powerup      000
__Lram                                                  ram          000
__Lreset_vec                                            reset_vec    000
__Lsfr0                                                 sfr0         000
__Lsfr1                                                 sfr1         000
__Lsfr2                                                 sfr2         000
__Lsfr3                                                 sfr3         000
__Lsivt                                                 sivt         00C
__Lspace_0                                              (abs)        000
__Lspace_1                                              (abs)        000
__Lspace_2                                              (abs)        000
__Lspace_3                                              (abs)        000
__Lstack                                                stack        000
__Lstrings                                              strings      000
__Ltext                                                 text         000
__S0                                                    (abs)        523
__S1                                                    (abs)        07C
__S3                                                    (abs)        000
___awdiv                                                text3        37D
___awdiv@counter                                        cstackCOMMON 076
___awdiv@dividend                                       cstackCOMMON 074
___awdiv@divisor                                        cstackCOMMON 072
___awdiv@quotient                                       cstackCOMMON 078
___awdiv@sign                                           cstackCOMMON 077
___awmod                                                text2        3E0
___awmod@counter                                        cstackCOMMON 076
___awmod@dividend                                       cstackCOMMON 074
___awmod@divisor                                        cstackCOMMON 072
___awmod@sign                                           cstackCOMMON 077
___heap_hi                                              (abs)        000
___heap_lo                                              (abs)        000
___int_sp                                               stack        000
___int_stack_hi                                         stack        000
___int_stack_lo                                         stack        000
___latbits                                              (abs)        002
___sp                                                   stack        000
___stack_hi                                             stack        000
___stack_lo                                             stack        000
___stackhi                                              (abs)        000
___stacklo                                              (abs)        000
__end_of___awdiv                                        text3        3E0
__end_of___awmod                                        text2        437
__end_of__initialization                                cinit        01B
__end_of__stringtab                                     strings      522
__end_of_delay_100ms_and_poll_buttons                   text7        482
__end_of_init_ports                                     text6        506
__end_of_isr                                            text8        4E9
__end_of_main                                           maintext     2E2
__end_of_reset_cycle_timers                             text5        511
__end_of_set_lights                                     text4        4C6
__end_of_update_displays                                text1        37D
__end_ofdelay_100ms_and_poll_buttons@DEBOUNCE_THRESHOLD strings      523
__end_ofi1_reset_cycle_timers                           text9        51C
__initialization                                        cinit        00F
__pbssBANK0                                             bssBANK0     044
__pbssCOMMON                                            bssCOMMON    07A
__pcstackBANK0                                          cstackBANK0  020
__pcstackCOMMON                                         cstackCOMMON 070
__pintentry                                             intentry     004
__pmaintext                                             maintext     01F
__pstrings                                              strings      51C
__ptext1                                                text1        2E2
__ptext2                                                text2        3E0
__ptext3                                                text3        37D
__ptext4                                                text4        482
__ptext5                                                text5        506
__ptext6                                                text6        4E9
__ptext7                                                text7        437
__ptext8                                                text8        4C6
__ptext9                                                text9        511
__stringbase                                            strings      521
__stringtab                                             strings      51C
_delay_100ms_and_poll_buttons                           text7        437
_init_ports                                             text6        4E9
_int_debounce                                           bssCOMMON    07B
_isr                                                    text8        4C6
_main                                                   maintext     01F
_manual_active                                          bssBANK0     04A
_reset_cycle_timers                                     text5        506
_set_lights                                             text4        482
_south_timer                                            bssBANK0     046
_systemMode                                             bssBANK0     04B
_update_displays                                        text1        2E2
_west_timer                                             bssBANK0     048
btemp                                                   (abs)        07E
delay_100ms_and_poll_buttons@flag_p                     cstackCOMMON 072
delay_100ms_and_poll_buttons@int_deb_ctr                bssBANK0     044
delay_100ms_and_poll_buttons@rb1_count                  bssCOMMON    07A
end_of_initialization                                   cinit        01B
i1_reset_cycle_timers                                   text9        511
interrupt_function                                      intentry     004
intlevel0                                               functab      000
intlevel1                                               functab      000
intlevel2                                               functab      000
intlevel3                                               functab      000
intlevel4                                               functab      000
intlevel5                                               functab      000
main@k                                                  cstackBANK0  02A
main@k_154                                              cstackBANK0  02C
main@k_156                                              cstackBANK0  02E
main@k_158                                              cstackBANK0  030
main@k_161                                              cstackBANK0  032
main@k_164                                              cstackBANK0  034
main@pressed                                            cstackBANK0  03A
main@pressed_162                                        cstackBANK0  03B
main@s                                                  cstackBANK0  03C
main@s_153                                              cstackBANK0  03E
main@s_155                                              cstackBANK0  040
main@s_157                                              cstackBANK0  042
main@s_160                                              cstackBANK0  036
main@s_163                                              cstackBANK0  038
reset_vec                                               reset_vec    000
saved_w                                                 (abs)        07E
set_lights@s_grn                                        cstackCOMMON 073
set_lights@s_red                                        cstackCOMMON 077
set_lights@s_yel                                        cstackCOMMON 072
set_lights@w_grn                                        cstackCOMMON 076
set_lights@w_red                                        cstackCOMMON 074
set_lights@w_yel                                        cstackCOMMON 075
start                                                   init         00C
start_initialization                                    cinit        00F
update_displays@s_ones                                  cstackBANK0  027
update_displays@s_tens                                  cstackBANK0  026
update_displays@south_seconds                           cstackBANK0  020
update_displays@w_ones                                  cstackBANK0  029
update_displays@w_tens                                  cstackBANK0  028
update_displays@west_seconds                            cstackBANK0  022
wtemp0                                                  (abs)        07E


MODULE INFORMATION

Module		Function		Class		Link	Load	Size
C:\Program Files\Microchip\xc8\v3.00\pic\sources\c99\common\awmod.c
		___awmod       		CODE           	03E0	0000	87

C:\Program Files\Microchip\xc8\v3.00\pic\sources\c99\common\awmod.c estimated size: 87

Main.c
		_update_displays		CODE           	02E2	0000	155
		_set_lights    		CODE           	0482	0000	68
		_main          		CODE           	001F	0000	707
		_init_ports    		CODE           	04E9	0000	29
		_isr           		CODE           	04C6	0000	35
		_reset_cycle_timers		CODE           	0506	0000	11
		_delay_100ms_and_poll_buttons		CODE           	0437	0000	75

Main.c estimated size: 1080

shared
		__stringtab    		STRING         	051C	0000	6
		__initialization		CODE           	000F	0000	12
		delay_100ms_and_poll_buttons@DEBOUNCE_THRESHOLD		STRING         	0000	0000	0
		i1_reset_cycle_timers		CODE           	0511	0000	11

shared estimated size: 29

C:\Program Files\Microchip\xc8\v3.00\pic\sources\c99\common\awdiv.c
		___awdiv       		CODE           	037D	0000	99

C:\Program Files\Microchip\xc8\v3.00\pic\sources\c99\common\awdiv.c estimated size: 99

